{
  "version": "1.5.0",
  "plugins_used": [
    {
      "name": "ArtifactoryDetector"
    },
    {
      "name": "AWSKeyDetector"
    },
    {
      "name": "AzureStorageKeyDetector"
    },
    {
      "name": "Base64HighEntropyString",
      "limit": 4.5
    },
    {
      "name": "BasicAuthDetector"
    },
    {
      "name": "CloudantDetector"
    },
    {
      "name": "DiscordBotTokenDetector"
    },
    {
      "name": "GitHubTokenDetector"
    },
    {
      "name": "GitLabTokenDetector"
    },
    {
      "name": "HexHighEntropyString",
      "limit": 3.0
    },
    {
      "name": "IbmCloudIamDetector"
    },
    {
      "name": "IbmCosHmacDetector"
    },
    {
      "name": "IPPublicDetector"
    },
    {
      "name": "JwtTokenDetector"
    },
    {
      "name": "KeywordDetector",
      "keyword_exclude": ""
    },
    {
      "name": "MailchimpDetector"
    },
    {
      "name": "NpmDetector"
    },
    {
      "name": "OpenAIDetector"
    },
    {
      "name": "PrivateKeyDetector"
    },
    {
      "name": "PypiTokenDetector"
    },
    {
      "name": "SendGridDetector"
    },
    {
      "name": "SlackDetector"
    },
    {
      "name": "SoftlayerDetector"
    },
    {
      "name": "SquareOAuthDetector"
    },
    {
      "name": "StripeDetector"
    },
    {
      "name": "TelegramBotTokenDetector"
    },
    {
      "name": "TwilioKeyDetector"
    }
  ],
  "filters_used": [
    {
      "path": "detect_secrets.filters.allowlist.is_line_allowlisted"
    },
    {
      "path": "detect_secrets.filters.common.is_ignored_due_to_verification_policies",
      "min_level": 2
    },
    {
      "path": "detect_secrets.filters.heuristic.is_indirect_reference"
    },
    {
      "path": "detect_secrets.filters.heuristic.is_likely_id_string"
    },
    {
      "path": "detect_secrets.filters.heuristic.is_lock_file"
    },
    {
      "path": "detect_secrets.filters.heuristic.is_not_alphanumeric_string"
    },
    {
      "path": "detect_secrets.filters.heuristic.is_potential_uuid"
    },
    {
      "path": "detect_secrets.filters.heuristic.is_prefixed_with_dollar_sign"
    },
    {
      "path": "detect_secrets.filters.heuristic.is_sequential_string"
    },
    {
      "path": "detect_secrets.filters.heuristic.is_swagger_file"
    },
    {
      "path": "detect_secrets.filters.heuristic.is_templated_secret"
    }
  ],
  "results": {
    "backend/node_modules/.package-lock.json": [
      {
        "type": "Base64 High Entropy String",
        "filename": "backend/node_modules/.package-lock.json",
        "hashed_secret": "a3f36fe5a1c2f6abac96d9daef361e24aa064e7a",
        "is_verified": false,
        "line_number": 10
      },
      {
        "type": "Base64 High Entropy String",
        "filename": "backend/node_modules/.package-lock.json",
        "hashed_secret": "7619a970eddd8e970fdb0d77aaf43c7f446406ab",
        "is_verified": false,
        "line_number": 22
      },
      {
        "type": "Base64 High Entropy String",
        "filename": "backend/node_modules/.package-lock.json",
        "hashed_secret": "ec743d0485db711e1943c1a065303a718c13a757",
        "is_verified": false,
        "line_number": 28
      },
      {
        "type": "Base64 High Entropy String",
        "filename": "backend/node_modules/.package-lock.json",
        "hashed_secret": "b996451b5e30e472e4756ed358f0c5e4c31cd3f2",
        "is_verified": false,
        "line_number": 34
      },
      {
        "type": "Base64 High Entropy String",
        "filename": "backend/node_modules/.package-lock.json",
        "hashed_secret": "b950ed601e3087193c72d6377c40868e1dc81d43",
        "is_verified": false,
        "line_number": 40
      },
      {
        "type": "Base64 High Entropy String",
        "filename": "backend/node_modules/.package-lock.json",
        "hashed_secret": "2417eab3768733d0c2ea579a5e941243f4e136ff",
        "is_verified": false,
        "line_number": 49
      },
      {
        "type": "Base64 High Entropy String",
        "filename": "backend/node_modules/.package-lock.json",
        "hashed_secret": "2de8e13e4f1177bafbad37cfc20df5e469bb018b",
        "is_verified": false,
        "line_number": 58
      },
      {
        "type": "Base64 High Entropy String",
        "filename": "backend/node_modules/.package-lock.json",
        "hashed_secret": "fb99f178b0e138a7e0c8d60f0dab9b87f1c0a489",
        "is_verified": false,
        "line_number": 67
      },
      {
        "type": "Base64 High Entropy String",
        "filename": "backend/node_modules/.package-lock.json",
        "hashed_secret": "b873373ba4cb4265c43181c39d1806a056070786",
        "is_verified": false,
        "line_number": 91
      },
      {
        "type": "Base64 High Entropy String",
        "filename": "backend/node_modules/.package-lock.json",
        "hashed_secret": "1e9ff9fee5ad181d3f63618e0267e8ad42826e83",
        "is_verified": false,
        "line_number": 107
      },
      {
        "type": "Base64 High Entropy String",
        "filename": "backend/node_modules/.package-lock.json",
        "hashed_secret": "d5456167d6c5636e2f898eba276ccccbcdcf4ab9",
        "is_verified": false,
        "line_number": 113
      },
      {
        "type": "Base64 High Entropy String",
        "filename": "backend/node_modules/.package-lock.json",
        "hashed_secret": "c36e4e809907a714ed16a2c9c90693ccea740f9f",
        "is_verified": false,
        "line_number": 119
      },
      {
        "type": "Base64 High Entropy String",
        "filename": "backend/node_modules/.package-lock.json",
        "hashed_secret": "89c31fa0d6838019bc29341b448d189aa712045b",
        "is_verified": false,
        "line_number": 128
      },
      {
        "type": "Base64 High Entropy String",
        "filename": "backend/node_modules/.package-lock.json",
        "hashed_secret": "797f4e7a3a7d16e4c97f6417fb413bdb43e41342",
        "is_verified": false,
        "line_number": 141
      },
      {
        "type": "Base64 High Entropy String",
        "filename": "backend/node_modules/.package-lock.json",
        "hashed_secret": "69508e9f25ead6b12c7a762c93b2a5b9cb587d60",
        "is_verified": false,
        "line_number": 150
      },
      {
        "type": "Base64 High Entropy String",
        "filename": "backend/node_modules/.package-lock.json",
        "hashed_secret": "224c70c50a522877de8213a0d3b5cd864f3d3b71",
        "is_verified": false,
        "line_number": 164
      },
      {
        "type": "Base64 High Entropy String",
        "filename": "backend/node_modules/.package-lock.json",
        "hashed_secret": "93aa782c4df17b6541e0e372240cf197066bab69",
        "is_verified": false,
        "line_number": 170
      },
      {
        "type": "Base64 High Entropy String",
        "filename": "backend/node_modules/.package-lock.json",
        "hashed_secret": "e0ed71a4c2836a6a251bef5e00b00401cfac286d",
        "is_verified": false,
        "line_number": 176
      },
      {
        "type": "Base64 High Entropy String",
        "filename": "backend/node_modules/.package-lock.json",
        "hashed_secret": "17af0cf3ed242081302633a342e909a4745703d1",
        "is_verified": false,
        "line_number": 186
      },
      {
        "type": "Base64 High Entropy String",
        "filename": "backend/node_modules/.package-lock.json",
        "hashed_secret": "6218cfe8ba1d7ca732ab6609d9fac82f424d34db",
        "is_verified": false,
        "line_number": 200
      },
      {
        "type": "Base64 High Entropy String",
        "filename": "backend/node_modules/.package-lock.json",
        "hashed_secret": "f2e6aadfcc320880c2d0ac82410e7608beec6a3c",
        "is_verified": false,
        "line_number": 213
      },
      {
        "type": "Base64 High Entropy String",
        "filename": "backend/node_modules/.package-lock.json",
        "hashed_secret": "91c87bc372756624a2fcab227723f0f95115ac13",
        "is_verified": false,
        "line_number": 237
      },
      {
        "type": "Base64 High Entropy String",
        "filename": "backend/node_modules/.package-lock.json",
        "hashed_secret": "4cd454d960136b7b4f74cca3c12010ff2ebd7663",
        "is_verified": false,
        "line_number": 250
      },
      {
        "type": "Base64 High Entropy String",
        "filename": "backend/node_modules/.package-lock.json",
        "hashed_secret": "28353ad549e313e1bae005d68499c4eca3843f16",
        "is_verified": false,
        "line_number": 263
      },
      {
        "type": "Base64 High Entropy String",
        "filename": "backend/node_modules/.package-lock.json",
        "hashed_secret": "38119d6755480fd81caed75382e6bcbb3685ca44",
        "is_verified": false,
        "line_number": 272
      },
      {
        "type": "Base64 High Entropy String",
        "filename": "backend/node_modules/.package-lock.json",
        "hashed_secret": "275516623ff3f9f2eee6d35ed355f0b3951b3b58",
        "is_verified": false,
        "line_number": 278
      },
      {
        "type": "Base64 High Entropy String",
        "filename": "backend/node_modules/.package-lock.json",
        "hashed_secret": "c61921cb03b0d17c9d180fa6d2d765269458f5e9",
        "is_verified": false,
        "line_number": 289
      },
      {
        "type": "Base64 High Entropy String",
        "filename": "backend/node_modules/.package-lock.json",
        "hashed_secret": "09ce1f68022d542bd4b111b2e648b4261e7ea537",
        "is_verified": false,
        "line_number": 298
      },
      {
        "type": "Base64 High Entropy String",
        "filename": "backend/node_modules/.package-lock.json",
        "hashed_secret": "f4713ff6d6ebe4c91eabb4abaa4fff79252287e2",
        "is_verified": false,
        "line_number": 311
      },
      {
        "type": "Base64 High Entropy String",
        "filename": "backend/node_modules/.package-lock.json",
        "hashed_secret": "a34857b9cd327718930f0b602e07e803f65e3b9b",
        "is_verified": false,
        "line_number": 327
      },
      {
        "type": "Base64 High Entropy String",
        "filename": "backend/node_modules/.package-lock.json",
        "hashed_secret": "4116283da073d4ab654db7f17a1325f7d331e9c5",
        "is_verified": false,
        "line_number": 340
      },
      {
        "type": "Base64 High Entropy String",
        "filename": "backend/node_modules/.package-lock.json",
        "hashed_secret": "603745f0b2adb1ef992db59126d9895931ff1d0e",
        "is_verified": false,
        "line_number": 365
      },
      {
        "type": "Base64 High Entropy String",
        "filename": "backend/node_modules/.package-lock.json",
        "hashed_secret": "d4f0bec7c77821e9cbe25505afb224a19f55bfdb",
        "is_verified": false,
        "line_number": 374
      },
      {
        "type": "Base64 High Entropy String",
        "filename": "backend/node_modules/.package-lock.json",
        "hashed_secret": "f52956fa7c317746fde250d0f4e54d6115252cd4",
        "is_verified": false,
        "line_number": 389
      },
      {
        "type": "Base64 High Entropy String",
        "filename": "backend/node_modules/.package-lock.json",
        "hashed_secret": "7f104c1c37e525afe159a7b26fe2782992e9c896",
        "is_verified": false,
        "line_number": 401
      },
      {
        "type": "Base64 High Entropy String",
        "filename": "backend/node_modules/.package-lock.json",
        "hashed_secret": "42cd07a10482e3b99b503ffc28f3e76e8dd1649c",
        "is_verified": false,
        "line_number": 410
      },
      {
        "type": "Base64 High Entropy String",
        "filename": "backend/node_modules/.package-lock.json",
        "hashed_secret": "1785152c56d58dd31a86fa5467b97bc8e5eff2a6",
        "is_verified": false,
        "line_number": 419
      },
      {
        "type": "Base64 High Entropy String",
        "filename": "backend/node_modules/.package-lock.json",
        "hashed_secret": "bca22d885304c2afa501d891bbf2729e98e44aaa",
        "is_verified": false,
        "line_number": 425
      },
      {
        "type": "Base64 High Entropy String",
        "filename": "backend/node_modules/.package-lock.json",
        "hashed_secret": "4311cd4741ece0a4425d85b5179d779e3d7ab81b",
        "is_verified": false,
        "line_number": 442
      },
      {
        "type": "Base64 High Entropy String",
        "filename": "backend/node_modules/.package-lock.json",
        "hashed_secret": "098f0005ce705362e8e7d9a308f0ba1a638b2e8c",
        "is_verified": false,
        "line_number": 454
      },
      {
        "type": "Base64 High Entropy String",
        "filename": "backend/node_modules/.package-lock.json",
        "hashed_secret": "8e948a3b773d1a2e4b6f4220216efa734315246d",
        "is_verified": false,
        "line_number": 466
      },
      {
        "type": "Base64 High Entropy String",
        "filename": "backend/node_modules/.package-lock.json",
        "hashed_secret": "c5deff9c59d0e0419952da44431546620804d70e",
        "is_verified": false,
        "line_number": 475
      },
      {
        "type": "Base64 High Entropy String",
        "filename": "backend/node_modules/.package-lock.json",
        "hashed_secret": "572b5e5253ab86ef535e76d891766cc1a17ee6a5",
        "is_verified": false,
        "line_number": 484
      },
      {
        "type": "Base64 High Entropy String",
        "filename": "backend/node_modules/.package-lock.json",
        "hashed_secret": "3d505c6e0dd4a38ecf538eec54c0fe0b0e39d076",
        "is_verified": false,
        "line_number": 494
      },
      {
        "type": "Base64 High Entropy String",
        "filename": "backend/node_modules/.package-lock.json",
        "hashed_secret": "79119667cecad09809c34832b1f2b650b5ccded7",
        "is_verified": false,
        "line_number": 506
      },
      {
        "type": "Base64 High Entropy String",
        "filename": "backend/node_modules/.package-lock.json",
        "hashed_secret": "4d50b55900617c8d08097c03af9667c135c1fc24",
        "is_verified": false,
        "line_number": 520
      },
      {
        "type": "Base64 High Entropy String",
        "filename": "backend/node_modules/.package-lock.json",
        "hashed_secret": "2a0c5c01be780688ae4faf4a3e1cb6e48c50dc23",
        "is_verified": false,
        "line_number": 526
      },
      {
        "type": "Base64 High Entropy String",
        "filename": "backend/node_modules/.package-lock.json",
        "hashed_secret": "6d1db030d72c8b03fd95eaeb0266255402f70df5",
        "is_verified": false,
        "line_number": 535
      },
      {
        "type": "Base64 High Entropy String",
        "filename": "backend/node_modules/.package-lock.json",
        "hashed_secret": "cf75ddffbc923b32123e91e069fbcb97ac39c4d9",
        "is_verified": false,
        "line_number": 544
      },
      {
        "type": "Base64 High Entropy String",
        "filename": "backend/node_modules/.package-lock.json",
        "hashed_secret": "417a00b911e0b72a50a597cb7c4c70885c55516e",
        "is_verified": false,
        "line_number": 553
      },
      {
        "type": "Base64 High Entropy String",
        "filename": "backend/node_modules/.package-lock.json",
        "hashed_secret": "cc0394ae9ff7278ac1f8ba8305e06627798ae34b",
        "is_verified": false,
        "line_number": 565
      },
      {
        "type": "Base64 High Entropy String",
        "filename": "backend/node_modules/.package-lock.json",
        "hashed_secret": "3b9b4f0e0dc452a1ab51ff9a7e649171b0b54a70",
        "is_verified": false,
        "line_number": 571
      },
      {
        "type": "Base64 High Entropy String",
        "filename": "backend/node_modules/.package-lock.json",
        "hashed_secret": "d476b16e70f7a0ef92746a925be357e4bcbd2e4b",
        "is_verified": false,
        "line_number": 580
      },
      {
        "type": "Base64 High Entropy String",
        "filename": "backend/node_modules/.package-lock.json",
        "hashed_secret": "7c235e480345a8563b9b7348d8b568bd51bf3814",
        "is_verified": false,
        "line_number": 626
      },
      {
        "type": "Base64 High Entropy String",
        "filename": "backend/node_modules/.package-lock.json",
        "hashed_secret": "c7c109b373706b47cf9df00a37248b747d150701",
        "is_verified": false,
        "line_number": 639
      },
      {
        "type": "Base64 High Entropy String",
        "filename": "backend/node_modules/.package-lock.json",
        "hashed_secret": "dc9a2ba629796d6ef3323496eb952461f964e115",
        "is_verified": false,
        "line_number": 657
      },
      {
        "type": "Base64 High Entropy String",
        "filename": "backend/node_modules/.package-lock.json",
        "hashed_secret": "b62d04dda134b042e835c906155dc8ded3691195",
        "is_verified": false,
        "line_number": 666
      },
      {
        "type": "Base64 High Entropy String",
        "filename": "backend/node_modules/.package-lock.json",
        "hashed_secret": "67e1630eef767c17f165bed8793abff78d5d53ac",
        "is_verified": false,
        "line_number": 675
      },
      {
        "type": "Base64 High Entropy String",
        "filename": "backend/node_modules/.package-lock.json",
        "hashed_secret": "d950cd8ef510429f57fb282e4a437321ca86158c",
        "is_verified": false,
        "line_number": 684
      },
      {
        "type": "Base64 High Entropy String",
        "filename": "backend/node_modules/.package-lock.json",
        "hashed_secret": "e7f54899a1654525fbfb1d8c3ac44d632f655af1",
        "is_verified": false,
        "line_number": 699
      },
      {
        "type": "Base64 High Entropy String",
        "filename": "backend/node_modules/.package-lock.json",
        "hashed_secret": "4cd3a1b109eb67acf1557141e83880899d18eaea",
        "is_verified": false,
        "line_number": 708
      },
      {
        "type": "Base64 High Entropy String",
        "filename": "backend/node_modules/.package-lock.json",
        "hashed_secret": "5a4d96497ba98531c9c36ced1d043fbd8c535eff",
        "is_verified": false,
        "line_number": 732
      },
      {
        "type": "Base64 High Entropy String",
        "filename": "backend/node_modules/.package-lock.json",
        "hashed_secret": "371ca38e7acde2cb9e7c1a8bea0355722ff047cf",
        "is_verified": false,
        "line_number": 745
      },
      {
        "type": "Base64 High Entropy String",
        "filename": "backend/node_modules/.package-lock.json",
        "hashed_secret": "979e2a14e4576c62a9748d7466bfa7f4f3a0620d",
        "is_verified": false,
        "line_number": 758
      },
      {
        "type": "Base64 High Entropy String",
        "filename": "backend/node_modules/.package-lock.json",
        "hashed_secret": "e45f8f0f8f0463a80493faaf81d1fe3d0fa4a174",
        "is_verified": false,
        "line_number": 770
      },
      {
        "type": "Base64 High Entropy String",
        "filename": "backend/node_modules/.package-lock.json",
        "hashed_secret": "0d97c7fe1c124e07eb8bba42a86419c083ba0591",
        "is_verified": false,
        "line_number": 780
      },
      {
        "type": "Base64 High Entropy String",
        "filename": "backend/node_modules/.package-lock.json",
        "hashed_secret": "f52c08f63289414b8da2ea1271f68c9e1d6338ea",
        "is_verified": false,
        "line_number": 792
      },
      {
        "type": "Base64 High Entropy String",
        "filename": "backend/node_modules/.package-lock.json",
        "hashed_secret": "9bad76463ceffd240ee9bd95c3faa98c0a4b94d0",
        "is_verified": false,
        "line_number": 804
      },
      {
        "type": "Base64 High Entropy String",
        "filename": "backend/node_modules/.package-lock.json",
        "hashed_secret": "3e6c18abd5b90c63da0bd8b4c0d3a142e3d5a83d",
        "is_verified": false,
        "line_number": 824
      },
      {
        "type": "Base64 High Entropy String",
        "filename": "backend/node_modules/.package-lock.json",
        "hashed_secret": "6b6da123ceec9e1d1fe64b6fab6f3d4e083a822c",
        "is_verified": false,
        "line_number": 836
      },
      {
        "type": "Base64 High Entropy String",
        "filename": "backend/node_modules/.package-lock.json",
        "hashed_secret": "cf09cb791688fe019284bfdc362abc41918645a5",
        "is_verified": false,
        "line_number": 843
      },
      {
        "type": "Base64 High Entropy String",
        "filename": "backend/node_modules/.package-lock.json",
        "hashed_secret": "89b283ab50bf537dfbd64a59830fb7dda89eb546",
        "is_verified": false,
        "line_number": 849
      },
      {
        "type": "Base64 High Entropy String",
        "filename": "backend/node_modules/.package-lock.json",
        "hashed_secret": "3c22fe71719555d5e4c508c724ee1c9a9728d8a1",
        "is_verified": false,
        "line_number": 858
      },
      {
        "type": "Base64 High Entropy String",
        "filename": "backend/node_modules/.package-lock.json",
        "hashed_secret": "e9ce08fb0922eb7b6fd8078a79f948726b9b756e",
        "is_verified": false,
        "line_number": 871
      },
      {
        "type": "Base64 High Entropy String",
        "filename": "backend/node_modules/.package-lock.json",
        "hashed_secret": "0168f03d6f1748d5d7ae624a93f711333b69d01c",
        "is_verified": false,
        "line_number": 881
      },
      {
        "type": "Base64 High Entropy String",
        "filename": "backend/node_modules/.package-lock.json",
        "hashed_secret": "8f95bdf43361cffe6720264f402b5636239f6367",
        "is_verified": false,
        "line_number": 894
      },
      {
        "type": "Base64 High Entropy String",
        "filename": "backend/node_modules/.package-lock.json",
        "hashed_secret": "020676617a2909b1fc11e55e1e91b4d200dde9ff",
        "is_verified": false,
        "line_number": 904
      },
      {
        "type": "Base64 High Entropy String",
        "filename": "backend/node_modules/.package-lock.json",
        "hashed_secret": "cd01d5e02fd63a068e8fe590779614cf0d1f1bf2",
        "is_verified": false,
        "line_number": 922
      },
      {
        "type": "Base64 High Entropy String",
        "filename": "backend/node_modules/.package-lock.json",
        "hashed_secret": "87ae5db459dbd9fe4157473b016ae5ff5ef0f4ed",
        "is_verified": false,
        "line_number": 931
      },
      {
        "type": "Base64 High Entropy String",
        "filename": "backend/node_modules/.package-lock.json",
        "hashed_secret": "d7c39664c403d1fecb3d1e330ad65a00bab67629",
        "is_verified": false,
        "line_number": 940
      },
      {
        "type": "Base64 High Entropy String",
        "filename": "backend/node_modules/.package-lock.json",
        "hashed_secret": "8d17e638c2f94984a941b8f7cba7914fdb5b3235",
        "is_verified": false,
        "line_number": 949
      },
      {
        "type": "Base64 High Entropy String",
        "filename": "backend/node_modules/.package-lock.json",
        "hashed_secret": "33424d6062b147852810a1b4e7d5cd675caa3231",
        "is_verified": false,
        "line_number": 955
      },
      {
        "type": "Base64 High Entropy String",
        "filename": "backend/node_modules/.package-lock.json",
        "hashed_secret": "22f475d09df2c53aa6332a6d7aa6ac7e2cc09481",
        "is_verified": false,
        "line_number": 964
      },
      {
        "type": "Base64 High Entropy String",
        "filename": "backend/node_modules/.package-lock.json",
        "hashed_secret": "5c270f653b2fcd5b7c700b53f8543df4147a4aba",
        "is_verified": false,
        "line_number": 973
      },
      {
        "type": "Base64 High Entropy String",
        "filename": "backend/node_modules/.package-lock.json",
        "hashed_secret": "838abb1331a160bdd441c25a2a2d44332ee8694b",
        "is_verified": false,
        "line_number": 985
      },
      {
        "type": "Base64 High Entropy String",
        "filename": "backend/node_modules/.package-lock.json",
        "hashed_secret": "e6525dbd438fc8858b0d56c59d164f403792ba1e",
        "is_verified": false,
        "line_number": 994
      },
      {
        "type": "Base64 High Entropy String",
        "filename": "backend/node_modules/.package-lock.json",
        "hashed_secret": "582c50b45fc46390a059b2ce9a99c0dd0685df12",
        "is_verified": false,
        "line_number": 1006
      },
      {
        "type": "Base64 High Entropy String",
        "filename": "backend/node_modules/.package-lock.json",
        "hashed_secret": "130935bd4f12ea0a11be30c577f872f5005f8f14",
        "is_verified": false,
        "line_number": 1022
      },
      {
        "type": "Base64 High Entropy String",
        "filename": "backend/node_modules/.package-lock.json",
        "hashed_secret": "3efee1e732cb749661505d525997cff67f4659e4",
        "is_verified": false,
        "line_number": 1068
      },
      {
        "type": "Base64 High Entropy String",
        "filename": "backend/node_modules/.package-lock.json",
        "hashed_secret": "81ef19884a42ca8439d8a24238fd9b6053ec7f22",
        "is_verified": false,
        "line_number": 1081
      },
      {
        "type": "Base64 High Entropy String",
        "filename": "backend/node_modules/.package-lock.json",
        "hashed_secret": "805d9656080308c11cde7cb7f0310e12c7e60c48",
        "is_verified": false,
        "line_number": 1102
      },
      {
        "type": "Base64 High Entropy String",
        "filename": "backend/node_modules/.package-lock.json",
        "hashed_secret": "f200d3c35e96fdfc34808aac72aa549118ba12cb",
        "is_verified": false,
        "line_number": 1108
      },
      {
        "type": "Base64 High Entropy String",
        "filename": "backend/node_modules/.package-lock.json",
        "hashed_secret": "40eb22b8bc252af388ead384e1062816fa415a3a",
        "is_verified": false,
        "line_number": 1117
      },
      {
        "type": "Base64 High Entropy String",
        "filename": "backend/node_modules/.package-lock.json",
        "hashed_secret": "612b70ad4343adbb09a9cacc2fd28d7a2eae9313",
        "is_verified": false,
        "line_number": 1126
      },
      {
        "type": "Base64 High Entropy String",
        "filename": "backend/node_modules/.package-lock.json",
        "hashed_secret": "41c99d1a884c3b4b74cf747bc20a9f9bd0c8bb11",
        "is_verified": false,
        "line_number": 1132
      },
      {
        "type": "Base64 High Entropy String",
        "filename": "backend/node_modules/.package-lock.json",
        "hashed_secret": "4882a3f560bc1bf6d57e2e0d1bf68d2568e76dae",
        "is_verified": false,
        "line_number": 1151
      },
      {
        "type": "Base64 High Entropy String",
        "filename": "backend/node_modules/.package-lock.json",
        "hashed_secret": "40a3811bb3969b11aa2b8a2ba41cea107579106a",
        "is_verified": false,
        "line_number": 1160
      },
      {
        "type": "Base64 High Entropy String",
        "filename": "backend/node_modules/.package-lock.json",
        "hashed_secret": "df4f6db4d2fb560676cfed49c937c8f429a73235",
        "is_verified": false,
        "line_number": 1169
      },
      {
        "type": "Base64 High Entropy String",
        "filename": "backend/node_modules/.package-lock.json",
        "hashed_secret": "13b31fb42a9f9f4e572d2860103a78ed1d06d265",
        "is_verified": false,
        "line_number": 1178
      },
      {
        "type": "Base64 High Entropy String",
        "filename": "backend/node_modules/.package-lock.json",
        "hashed_secret": "0340da49eecfbe3e73ca2b64ef8187e754f03a3a",
        "is_verified": false,
        "line_number": 1189
      },
      {
        "type": "Base64 High Entropy String",
        "filename": "backend/node_modules/.package-lock.json",
        "hashed_secret": "d484a29bcd27ce719c1ffe5f15f59823bf186f4d",
        "is_verified": false,
        "line_number": 1198
      },
      {
        "type": "Base64 High Entropy String",
        "filename": "backend/node_modules/.package-lock.json",
        "hashed_secret": "d45062677e99f28b9a98f4b53e9af8f56b01bb10",
        "is_verified": false,
        "line_number": 1227
      },
      {
        "type": "Base64 High Entropy String",
        "filename": "backend/node_modules/.package-lock.json",
        "hashed_secret": "0a68e003e521d8b996e1c07b3b5b2664de31fa44",
        "is_verified": false,
        "line_number": 1252
      },
      {
        "type": "Base64 High Entropy String",
        "filename": "backend/node_modules/.package-lock.json",
        "hashed_secret": "bfa89e1607d2248db3523f241a0e9eb543cd0061",
        "is_verified": false,
        "line_number": 1262
      },
      {
        "type": "Base64 High Entropy String",
        "filename": "backend/node_modules/.package-lock.json",
        "hashed_secret": "0817713c3585298fbb156482ffc6787018397167",
        "is_verified": false,
        "line_number": 1271
      },
      {
        "type": "Base64 High Entropy String",
        "filename": "backend/node_modules/.package-lock.json",
        "hashed_secret": "1fd960f79ff7ccd39310bfdf81fba2b2663b71d0",
        "is_verified": false,
        "line_number": 1283
      },
      {
        "type": "Base64 High Entropy String",
        "filename": "backend/node_modules/.package-lock.json",
        "hashed_secret": "ae745d719f97b3ddb9791348b1f29ff8208c0c5c",
        "is_verified": false,
        "line_number": 1295
      },
      {
        "type": "Base64 High Entropy String",
        "filename": "backend/node_modules/.package-lock.json",
        "hashed_secret": "78cac34debb068504165d4e64975947b641f5da8",
        "is_verified": false,
        "line_number": 1304
      },
      {
        "type": "Base64 High Entropy String",
        "filename": "backend/node_modules/.package-lock.json",
        "hashed_secret": "a8301d75a305b5997d20af72295cf1ddb0f419bb",
        "is_verified": false,
        "line_number": 1310
      },
      {
        "type": "Base64 High Entropy String",
        "filename": "backend/node_modules/.package-lock.json",
        "hashed_secret": "e79d80a11090db9e86b4078e727908cb40ea008a",
        "is_verified": false,
        "line_number": 1330
      },
      {
        "type": "Base64 High Entropy String",
        "filename": "backend/node_modules/.package-lock.json",
        "hashed_secret": "1ac881fcbb09fad5c8b422aa517c10f8aae9c8b0",
        "is_verified": false,
        "line_number": 1342
      },
      {
        "type": "Base64 High Entropy String",
        "filename": "backend/node_modules/.package-lock.json",
        "hashed_secret": "2a416cdbfc3b4651a6d04d447938ace3ff9c7b6a",
        "is_verified": false,
        "line_number": 1355
      },
      {
        "type": "Base64 High Entropy String",
        "filename": "backend/node_modules/.package-lock.json",
        "hashed_secret": "bc8871bf12d9dd3971dad6cdd4aca5506f848957",
        "is_verified": false,
        "line_number": 1368
      },
      {
        "type": "Base64 High Entropy String",
        "filename": "backend/node_modules/.package-lock.json",
        "hashed_secret": "706884687450108cef742ef7b12010f29167a501",
        "is_verified": false,
        "line_number": 1375
      },
      {
        "type": "Base64 High Entropy String",
        "filename": "backend/node_modules/.package-lock.json",
        "hashed_secret": "3708af066f7b1edc1ba2d5e1da654cf995375b64",
        "is_verified": false,
        "line_number": 1384
      },
      {
        "type": "Base64 High Entropy String",
        "filename": "backend/node_modules/.package-lock.json",
        "hashed_secret": "8287678ab8009ae16b02930c9e260d1f28578fbe",
        "is_verified": false,
        "line_number": 1399
      },
      {
        "type": "Base64 High Entropy String",
        "filename": "backend/node_modules/.package-lock.json",
        "hashed_secret": "52c607705ede5b492455a2cf8c60ed94b0fe9ad3",
        "is_verified": false,
        "line_number": 1408
      },
      {
        "type": "Base64 High Entropy String",
        "filename": "backend/node_modules/.package-lock.json",
        "hashed_secret": "ac92f6ef74f09318d36f34716ed2f258b5e0924f",
        "is_verified": false,
        "line_number": 1423
      },
      {
        "type": "Base64 High Entropy String",
        "filename": "backend/node_modules/.package-lock.json",
        "hashed_secret": "9dff9e9fd2f6eeeb815eb9db94eff6248259ba16",
        "is_verified": false,
        "line_number": 1437
      },
      {
        "type": "Base64 High Entropy String",
        "filename": "backend/node_modules/.package-lock.json",
        "hashed_secret": "75174083f686f4ddf29123abf78817177b89c71b",
        "is_verified": false,
        "line_number": 1450
      },
      {
        "type": "Base64 High Entropy String",
        "filename": "backend/node_modules/.package-lock.json",
        "hashed_secret": "dab00d860d09dd9092b16718edd82bb24a6a21e9",
        "is_verified": false,
        "line_number": 1460
      },
      {
        "type": "Base64 High Entropy String",
        "filename": "backend/node_modules/.package-lock.json",
        "hashed_secret": "c65d7719fc9888c66e46c48f9fdbafa35841ad29",
        "is_verified": false,
        "line_number": 1480
      },
      {
        "type": "Base64 High Entropy String",
        "filename": "backend/node_modules/.package-lock.json",
        "hashed_secret": "1508bbaf29927b5348d4df62823dab122a0d3b48",
        "is_verified": false,
        "line_number": 1490
      },
      {
        "type": "Base64 High Entropy String",
        "filename": "backend/node_modules/.package-lock.json",
        "hashed_secret": "39ffec566bffcf8c829bbb54c2f3e06aadbccb15",
        "is_verified": false,
        "line_number": 1496
      },
      {
        "type": "Base64 High Entropy String",
        "filename": "backend/node_modules/.package-lock.json",
        "hashed_secret": "3a84cb0624b6c580c119e861f942cae35cecacdb",
        "is_verified": false,
        "line_number": 1509
      },
      {
        "type": "Base64 High Entropy String",
        "filename": "backend/node_modules/.package-lock.json",
        "hashed_secret": "cfae64ecb55f017efd4c8c55aaa29db0bd61769b",
        "is_verified": false,
        "line_number": 1539
      },
      {
        "type": "Base64 High Entropy String",
        "filename": "backend/node_modules/.package-lock.json",
        "hashed_secret": "bae67d3ce231086fba18abc7365c94878f900c14",
        "is_verified": false,
        "line_number": 1554
      },
      {
        "type": "Base64 High Entropy String",
        "filename": "backend/node_modules/.package-lock.json",
        "hashed_secret": "05b9deaec8f504ac476e1af49d6dd6c7c79f6b36",
        "is_verified": false,
        "line_number": 1560
      },
      {
        "type": "Base64 High Entropy String",
        "filename": "backend/node_modules/.package-lock.json",
        "hashed_secret": "a1785e76071823a09f23d2c2b64db80b223c5411",
        "is_verified": false,
        "line_number": 1579
      },
      {
        "type": "Base64 High Entropy String",
        "filename": "backend/node_modules/.package-lock.json",
        "hashed_secret": "7cdaa4e52326d9a81d36d211cd26c2d7a9fc69e1",
        "is_verified": false,
        "line_number": 1595
      },
      {
        "type": "Base64 High Entropy String",
        "filename": "backend/node_modules/.package-lock.json",
        "hashed_secret": "6a66a6ffc1f1c2f31ec1c5c694938bedbae39c02",
        "is_verified": false,
        "line_number": 1613
      },
      {
        "type": "Base64 High Entropy String",
        "filename": "backend/node_modules/.package-lock.json",
        "hashed_secret": "1e3eb3ef4097db9ec30cc74b9cfe37ea42962186",
        "is_verified": false,
        "line_number": 1632
      },
      {
        "type": "Base64 High Entropy String",
        "filename": "backend/node_modules/.package-lock.json",
        "hashed_secret": "eddf3e394609128df97b6e1e58a37522eb580584",
        "is_verified": false,
        "line_number": 1638
      },
      {
        "type": "Base64 High Entropy String",
        "filename": "backend/node_modules/.package-lock.json",
        "hashed_secret": "69842440a8e344ddf256464ace19af2b173ac2ca",
        "is_verified": false,
        "line_number": 1651
      },
      {
        "type": "Base64 High Entropy String",
        "filename": "backend/node_modules/.package-lock.json",
        "hashed_secret": "47ea2782ac5f77faedc7089a725ca03493c7b482",
        "is_verified": false,
        "line_number": 1660
      },
      {
        "type": "Base64 High Entropy String",
        "filename": "backend/node_modules/.package-lock.json",
        "hashed_secret": "4dcc5c09923b9c0c9014f1f416f58aed8360e584",
        "is_verified": false,
        "line_number": 1672
      },
      {
        "type": "Base64 High Entropy String",
        "filename": "backend/node_modules/.package-lock.json",
        "hashed_secret": "519683ddc2033e43663e200f7ac56be7ea105a85",
        "is_verified": false,
        "line_number": 1681
      },
      {
        "type": "Base64 High Entropy String",
        "filename": "backend/node_modules/.package-lock.json",
        "hashed_secret": "1be172b28420494a97b5bd6dc5d20d9b54d52047",
        "is_verified": false,
        "line_number": 1689
      },
      {
        "type": "Base64 High Entropy String",
        "filename": "backend/node_modules/.package-lock.json",
        "hashed_secret": "8368db68b0ace9e898989e5e645c5e1eddf99b11",
        "is_verified": false,
        "line_number": 1698
      },
      {
        "type": "Base64 High Entropy String",
        "filename": "backend/node_modules/.package-lock.json",
        "hashed_secret": "36a41bfa336a40f390233bcb3edba75b423c0ac5",
        "is_verified": false,
        "line_number": 1711
      },
      {
        "type": "Base64 High Entropy String",
        "filename": "backend/node_modules/.package-lock.json",
        "hashed_secret": "a6d813aa7164341218d80a2b625ff1b254fa10c3",
        "is_verified": false,
        "line_number": 1724
      },
      {
        "type": "Base64 High Entropy String",
        "filename": "backend/node_modules/.package-lock.json",
        "hashed_secret": "5b9e0bbb1620e4dd319ea8685d7971e564ca3bed",
        "is_verified": false,
        "line_number": 1733
      },
      {
        "type": "Base64 High Entropy String",
        "filename": "backend/node_modules/.package-lock.json",
        "hashed_secret": "47a2a2576064434ef2f063e1f0a5eec8f5cac3a4",
        "is_verified": false,
        "line_number": 1743
      },
      {
        "type": "Base64 High Entropy String",
        "filename": "backend/node_modules/.package-lock.json",
        "hashed_secret": "955d2d24c472b4eb0b4488f935a0f65e38001df8",
        "is_verified": false,
        "line_number": 1755
      },
      {
        "type": "Base64 High Entropy String",
        "filename": "backend/node_modules/.package-lock.json",
        "hashed_secret": "884b4d2f23b30642f28cc56401644886bb4b36b6",
        "is_verified": false,
        "line_number": 1768
      },
      {
        "type": "Base64 High Entropy String",
        "filename": "backend/node_modules/.package-lock.json",
        "hashed_secret": "0e0610c989dae051d6868e1151cdd5574fc596e9",
        "is_verified": false,
        "line_number": 1774
      },
      {
        "type": "Base64 High Entropy String",
        "filename": "backend/node_modules/.package-lock.json",
        "hashed_secret": "292b56ccb1313ea50f4d1bf0efc7f2b04670fe73",
        "is_verified": false,
        "line_number": 1781
      },
      {
        "type": "Base64 High Entropy String",
        "filename": "backend/node_modules/.package-lock.json",
        "hashed_secret": "735bd20202e59e618bfe941a5941731da477e7b6",
        "is_verified": false,
        "line_number": 1790
      },
      {
        "type": "Base64 High Entropy String",
        "filename": "backend/node_modules/.package-lock.json",
        "hashed_secret": "4885a73ae27294938a483e855613b49825a795e8",
        "is_verified": false,
        "line_number": 1796
      },
      {
        "type": "Base64 High Entropy String",
        "filename": "backend/node_modules/.package-lock.json",
        "hashed_secret": "20046c5f32195d4e121eb5441877d68e47aea83c",
        "is_verified": false,
        "line_number": 1805
      },
      {
        "type": "Base64 High Entropy String",
        "filename": "backend/node_modules/.package-lock.json",
        "hashed_secret": "f436e5e80e3407aed61c6a5d0463a46e0da536d8",
        "is_verified": false,
        "line_number": 1814
      },
      {
        "type": "Base64 High Entropy String",
        "filename": "backend/node_modules/.package-lock.json",
        "hashed_secret": "e61969a88951f6908cebfd7860868ff6aa03ac5d",
        "is_verified": false,
        "line_number": 1823
      },
      {
        "type": "Base64 High Entropy String",
        "filename": "backend/node_modules/.package-lock.json",
        "hashed_secret": "a83323d73f45e76ce84e7f76ae13d71299152ba9",
        "is_verified": false,
        "line_number": 1832
      },
      {
        "type": "Base64 High Entropy String",
        "filename": "backend/node_modules/.package-lock.json",
        "hashed_secret": "c7759d1e20fd24acf1f802db269b49c83e71bcde",
        "is_verified": false,
        "line_number": 1845
      },
      {
        "type": "Base64 High Entropy String",
        "filename": "backend/node_modules/.package-lock.json",
        "hashed_secret": "3087a165a752f091f046fe3849697959693e17f8",
        "is_verified": false,
        "line_number": 1854
      },
      {
        "type": "Base64 High Entropy String",
        "filename": "backend/node_modules/.package-lock.json",
        "hashed_secret": "216c52f58a3760d84851056144b9079a6ee6596b",
        "is_verified": false,
        "line_number": 1863
      }
    ],
    "backend/node_modules/debug/.coveralls.yml": [
      {
        "type": "Base64 High Entropy String",
        "filename": "backend/node_modules/debug/.coveralls.yml",
        "hashed_secret": "133f7d90a9fe5842a9c92fa167d88b9d90ef49c0",
        "is_verified": false,
        "line_number": 1
      }
    ],
    "backend/node_modules/dotenv/CHANGELOG.md": [
      {
        "type": "Secret Keyword",
        "filename": "backend/node_modules/dotenv/CHANGELOG.md",
        "hashed_secret": "21c65aca70b308e8e20693b12da453eff449f529",
        "is_verified": false,
        "line_number": 202
      }
    ],
    "backend/node_modules/dotenv/README-es.md": [
      {
        "type": "Secret Keyword",
        "filename": "backend/node_modules/dotenv/README-es.md",
        "hashed_secret": "d43a9266a2f0aae0d2381cc8c223f42489b21bad",
        "is_verified": false,
        "line_number": 50
      },
      {
        "type": "Private Key",
        "filename": "backend/node_modules/dotenv/README-es.md",
        "hashed_secret": "be4fc4886bd949b369d5e092eb87494f12e57e5b",
        "is_verified": false,
        "line_number": 84
      },
      {
        "type": "Secret Keyword",
        "filename": "backend/node_modules/dotenv/README-es.md",
        "hashed_secret": "21c65aca70b308e8e20693b12da453eff449f529",
        "is_verified": false,
        "line_number": 104
      }
    ],
    "backend/node_modules/dotenv/README.md": [
      {
        "type": "Secret Keyword",
        "filename": "backend/node_modules/dotenv/README.md",
        "hashed_secret": "d43a9266a2f0aae0d2381cc8c223f42489b21bad",
        "is_verified": false,
        "line_number": 70
      },
      {
        "type": "Private Key",
        "filename": "backend/node_modules/dotenv/README.md",
        "hashed_secret": "be4fc4886bd949b369d5e092eb87494f12e57e5b",
        "is_verified": false,
        "line_number": 102
      },
      {
        "type": "Secret Keyword",
        "filename": "backend/node_modules/dotenv/README.md",
        "hashed_secret": "21c65aca70b308e8e20693b12da453eff449f529",
        "is_verified": false,
        "line_number": 122
      }
    ]
  },
  "generated_at": "2026-06-15T06:36:59Z"
}
